GNU gdb (GDB) 7.6.1
Copyright (C) 2013 Free Software Foundation, Inc.
License GPLv3+: GNU GPL version 3 or later <http://gnu.org/licenses/gpl.html>
This is free software: you are free to change and redistribute it.
There is NO WARRANTY, to the extent permitted by law.  Type "show copying"
and "show warranty" for details.
This GDB was configured as "mingw32".
For bug reporting instructions, please see:
<http://www.gnu.org/software/gdb/bugs/>...
Reading symbols from C:\c-sets\set01\problem07.exe...done.
(gdb) b main
Breakpoint 1 at 0x40146e: file problem07.c, line 8.
(gdb) r
Starting program: C:\c-sets\set01/problem07.exe
[New Thread 25944.0x4d68]
[New Thread 25944.0x900]

Breakpoint 1, main () at problem07.c:8
8           printf("enter n");
(gdb) n
enter n9            int n = input_n();
(gdb) n
4
10          int sum = sum_n_nos(n);
(gdb) n
11          output(n,sum);
(gdb) n
sum of 4 natural numbers is 1013        }
(gdb) quit
A debugging session is active.

        Inferior 1 [process 25944] will be killed.

Quit anyway? (y or n) y
error return ../../gdb-7.6.1/gdb/windows-nat.c:1275 was 5